// Jest Snapshot v1, https://goo.gl/fbAQLP

exports[`Building - render and match snapshot 1`] = `
<div
  className="sc-Axmtr bVVBwG"
>
  <div
    className="sc-AxiKw kyKEfW"
    role="enter-floor"
  >
    <div
      className="sc-AxjAm cEScls"
    >
      <button
        data-floor-number={9}
        onClick={[Function]}
        style={null}
      >
        Call car
      </button>
      <button
        data-floor-number={9}
        onClick={[Function]}
      >
        Reset
      </button>
    </div>
    <div
      className="sc-AxjAm cEScls"
    >
      <button
        data-floor-number={8}
        onClick={[Function]}
        style={null}
      >
        Call car
      </button>
      <button
        data-floor-number={8}
        onClick={[Function]}
      >
        Reset
      </button>
    </div>
    <div
      className="sc-AxjAm cEScls"
    >
      <button
        data-floor-number={7}
        onClick={[Function]}
        style={null}
      >
        Call car
      </button>
      <button
        data-floor-number={7}
        onClick={[Function]}
      >
        Reset
      </button>
    </div>
    <div
      className="sc-AxjAm cEScls"
    >
      <button
        data-floor-number={6}
        onClick={[Function]}
        style={null}
      >
        Call car
      </button>
      <button
        data-floor-number={6}
        onClick={[Function]}
      >
        Reset
      </button>
    </div>
    <div
      className="sc-AxjAm cEScls"
    >
      <button
        data-floor-number={5}
        onClick={[Function]}
        style={null}
      >
        Call car
      </button>
      <button
        data-floor-number={5}
        onClick={[Function]}
      >
        Reset
      </button>
    </div>
    <div
      className="sc-AxjAm cEScls"
    >
      <button
        data-floor-number={4}
        onClick={[Function]}
        style={null}
      >
        Call car
      </button>
      <button
        data-floor-number={4}
        onClick={[Function]}
      >
        Reset
      </button>
    </div>
    <div
      className="sc-AxjAm cEScls"
    >
      <button
        data-floor-number={3}
        onClick={[Function]}
        style={null}
      >
        Call car
      </button>
      <button
        data-floor-number={3}
        onClick={[Function]}
      >
        Reset
      </button>
    </div>
    <div
      className="sc-AxjAm cEScls"
    >
      <button
        data-floor-number={2}
        onClick={[Function]}
        style={null}
      >
        Call car
      </button>
      <button
        data-floor-number={2}
        onClick={[Function]}
      >
        Reset
      </button>
    </div>
    <div
      className="sc-AxjAm cEScls"
    >
      <button
        data-floor-number={1}
        onClick={[Function]}
        style={null}
      >
        Call car
      </button>
      <button
        data-floor-number={1}
        onClick={[Function]}
      >
        Reset
      </button>
    </div>
    <div
      className="sc-AxjAm cEScls"
    >
      <button
        data-floor-number={0}
        onClick={[Function]}
        style={null}
      >
        Call car
      </button>
      <button
        data-floor-number={0}
        onClick={[Function]}
      >
        Reset
      </button>
    </div>
  </div>
  <div
    className="sc-AxheI kVJGRi"
  >
    <div
      className="sc-AxhCb bXgSMk"
      style={
        Object {
          "transform": "translateY(calc(-0%))",
        }
      }
    >
      <button
        onClick={[Function]}
      >
        start
      </button>
      <div
        className="sc-AxhUy ZMmr"
        speed={0}
      >
        <div
          className="sc-AxgMl jwFsLE"
          speed={0}
        />
      </div>
      <p>
        T: 
        t
      </p>
      <p>
        Now: 
        -
      </p>
    </div>
  </div>
  <div
    className="sc-AxheI kVJGRi"
  >
    <div
      className="sc-AxhCb bXgSMk"
      style={
        Object {
          "transform": "translateY(calc(-0%))",
        }
      }
    >
      <button
        onClick={[Function]}
      >
        start
      </button>
      <div
        className="sc-AxhUy ZMmr"
        speed={0}
      >
        <div
          className="sc-AxgMl jwFsLE"
          speed={0}
        />
      </div>
      <p>
        T: 
        t
      </p>
      <p>
        Now: 
        -
      </p>
    </div>
  </div>
  <div
    className="sc-AxiKw kyKEfW"
    role="exit-floor"
  >
    <div
      className="sc-AxjAm cEScls"
    >
      <p>
        9
      </p>
      <input
        style={
          Object {
            "height": "15px",
            "width": "15px",
          }
        }
        type="checkbox"
      />
    </div>
    <div
      className="sc-AxjAm cEScls"
    >
      <p>
        8
      </p>
      <input
        style={
          Object {
            "height": "15px",
            "width": "15px",
          }
        }
        type="checkbox"
      />
    </div>
    <div
      className="sc-AxjAm cEScls"
    >
      <p>
        7
      </p>
      <input
        style={
          Object {
            "height": "15px",
            "width": "15px",
          }
        }
        type="checkbox"
      />
    </div>
    <div
      className="sc-AxjAm cEScls"
    >
      <p>
        6
      </p>
      <input
        style={
          Object {
            "height": "15px",
            "width": "15px",
          }
        }
        type="checkbox"
      />
    </div>
    <div
      className="sc-AxjAm cEScls"
    >
      <p>
        5
      </p>
      <input
        style={
          Object {
            "height": "15px",
            "width": "15px",
          }
        }
        type="checkbox"
      />
    </div>
    <div
      className="sc-AxjAm cEScls"
    >
      <p>
        4
      </p>
      <input
        style={
          Object {
            "height": "15px",
            "width": "15px",
          }
        }
        type="checkbox"
      />
    </div>
    <div
      className="sc-AxjAm cEScls"
    >
      <p>
        3
      </p>
      <input
        style={
          Object {
            "height": "15px",
            "width": "15px",
          }
        }
        type="checkbox"
      />
    </div>
    <div
      className="sc-AxjAm cEScls"
    >
      <p>
        2
      </p>
      <input
        style={
          Object {
            "height": "15px",
            "width": "15px",
          }
        }
        type="checkbox"
      />
    </div>
    <div
      className="sc-AxjAm cEScls"
    >
      <p>
        1
      </p>
      <input
        style={
          Object {
            "height": "15px",
            "width": "15px",
          }
        }
        type="checkbox"
      />
    </div>
    <div
      className="sc-AxjAm cEScls"
    >
      <p>
        0
      </p>
      <input
        style={
          Object {
            "height": "15px",
            "width": "15px",
          }
        }
        type="checkbox"
      />
    </div>
  </div>
</div>
`;
