// Jest Snapshot v1, https://goo.gl/fbAQLP

exports[`Building - render and match snapshot 1`] = `
<div
  className="sc-AxmLO cQCEIO"
>
  <div
    className="sc-AxhCb hJpnPK"
    role="enter-floor"
  >
    <div
      className="sc-AxjAm ghBzSx"
    >
      <button
        data-floor-number={10}
        onClick={[Function]}
        style={Object {}}
      >
        Call car
      </button>
    </div>
    <div
      className="sc-AxjAm DgnVW"
    >
      <button
        data-floor-number={9}
        onClick={[Function]}
        style={Object {}}
      >
        Call car
      </button>
    </div>
    <div
      className="sc-AxjAm euAsXx"
    >
      <button
        data-floor-number={8}
        onClick={[Function]}
        style={Object {}}
      >
        Call car
      </button>
    </div>
    <div
      className="sc-AxjAm ljETuG"
    >
      <button
        data-floor-number={7}
        onClick={[Function]}
        style={Object {}}
      >
        Call car
      </button>
    </div>
    <div
      className="sc-AxjAm hIZreI"
    >
      <button
        data-floor-number={6}
        onClick={[Function]}
        style={Object {}}
      >
        Call car
      </button>
    </div>
    <div
      className="sc-AxjAm gQikiy"
    >
      <button
        data-floor-number={5}
        onClick={[Function]}
        style={Object {}}
      >
        Call car
      </button>
    </div>
    <div
      className="sc-AxjAm eYjwYl"
    >
      <button
        data-floor-number={4}
        onClick={[Function]}
        style={Object {}}
      >
        Call car
      </button>
    </div>
    <div
      className="sc-AxjAm hKmDaX"
    >
      <button
        data-floor-number={3}
        onClick={[Function]}
        style={Object {}}
      >
        Call car
      </button>
    </div>
    <div
      className="sc-AxjAm kdccyK"
    >
      <button
        data-floor-number={2}
        onClick={[Function]}
        style={Object {}}
      >
        Call car
      </button>
    </div>
    <div
      className="sc-AxjAm fwPPRP"
    >
      <button
        data-floor-number={1}
        onClick={[Function]}
        style={Object {}}
      >
        Call car
      </button>
    </div>
    <div
      className="sc-AxjAm hOHeui"
    >
      <button
        data-floor-number={0}
        onClick={[Function]}
        style={Object {}}
      >
        Call car
      </button>
    </div>
  </div>
  <div
    className="sc-Axmtr bKgxpp"
  >
    <div
      className="sc-AxhUy gqHuyY"
      style={
        Object {
          "transform": "translateY(calc(-0%))",
        }
      }
    >
      <p
        className="sc-AxgMl bJzgAf"
      >
        C: 
        0
        , T: 
      </p>
      <div
        className="sc-AxheI bBMfsN"
      />
      <div
        className="sc-AxheI iIQMNt"
      />
    </div>
  </div>
  <div
    className="sc-Axmtr bKgxpp"
  >
    <div
      className="sc-AxhUy gqHuyY"
      style={
        Object {
          "transform": "translateY(calc(-0%))",
        }
      }
    >
      <p
        className="sc-AxgMl bJzgAf"
      >
        C: 
        1
        , T: 
      </p>
      <div
        className="sc-AxheI bBMfsN"
      />
      <div
        className="sc-AxheI iIQMNt"
      />
    </div>
  </div>
  <div
    className="sc-AxhCb hJpnPK"
    role="exit-floor"
  >
    <div
      className="sc-AxjAm ghBzSx"
    >
      <p>
        10
      </p>
    </div>
    <div
      className="sc-AxjAm DgnVW"
    >
      <p>
        9
      </p>
    </div>
    <div
      className="sc-AxjAm euAsXx"
    >
      <p>
        8
      </p>
    </div>
    <div
      className="sc-AxjAm ljETuG"
    >
      <p>
        7
      </p>
    </div>
    <div
      className="sc-AxjAm hIZreI"
    >
      <p>
        6
      </p>
    </div>
    <div
      className="sc-AxjAm gQikiy"
    >
      <p>
        5
      </p>
    </div>
    <div
      className="sc-AxjAm eYjwYl"
    >
      <p>
        4
      </p>
    </div>
    <div
      className="sc-AxjAm hKmDaX"
    >
      <p>
        3
      </p>
    </div>
    <div
      className="sc-AxjAm kdccyK"
    >
      <p>
        2
      </p>
    </div>
    <div
      className="sc-AxjAm fwPPRP"
    >
      <p>
        1
      </p>
    </div>
    <div
      className="sc-AxjAm hOHeui"
    >
      <p>
        0
      </p>
    </div>
  </div>
</div>
`;
