// Jest Snapshot v1, https://goo.gl/fbAQLP

exports[` 1`] = `
<div
  className="sc-AxjAm bxCfcx"
  style={
    Object {
      "transform": "translateY(-0px)",
    }
  }
>
  <div
    className="sc-AxirZ fhuDLq"
    speed={0}
  >
    <div
      className="sc-AxiKw hvHYkj"
      speed={0}
    />
  </div>
  <p>
    T: 
    target
  </p>
  <p>
    Now: 
    -
  </p>
</div>
`;
