// Jest Snapshot v1, https://goo.gl/fbAQLP

exports[`Floors - render and match snapshot 1`] = `
<div
  className="sc-AxgMl fqQfYR"
>
  <div
    className="sc-AxiKw kABDHj"
  />
  <div
    className="sc-AxiKw mSMcy"
  />
  <div
    className="sc-AxiKw kiYTmr"
  />
  <div
    className="sc-AxiKw iDJVhy"
  />
  <div
    className="sc-AxiKw jTzsQE"
  />
  <div
    className="sc-AxiKw eovMFH"
  />
  <div
    className="sc-AxiKw hhVuIp"
  />
  <div
    className="sc-AxiKw gkCjGL"
  />
  <div
    className="sc-AxiKw beBYDA"
  />
  <div
    className="sc-AxiKw jEQIX"
  />
  <div
    className="sc-AxiKw gcBlZw"
  />
</div>
`;
