// Jest Snapshot v1, https://goo.gl/fbAQLP

exports[`Floors - render and match snapshot 1`] = `
<div
  className="sc-AxhCb gsBIpG"
>
  <div
    className="sc-AxjAm ghBzSx"
  />
  <div
    className="sc-AxjAm DgnVW"
  />
  <div
    className="sc-AxjAm euAsXx"
  />
  <div
    className="sc-AxjAm ljETuG"
  />
  <div
    className="sc-AxjAm hIZreI"
  />
  <div
    className="sc-AxjAm gQikiy"
  />
  <div
    className="sc-AxjAm eYjwYl"
  />
  <div
    className="sc-AxjAm hKmDaX"
  />
  <div
    className="sc-AxjAm kdccyK"
  />
  <div
    className="sc-AxjAm fwPPRP"
  />
  <div
    className="sc-AxjAm hOHeui"
  />
</div>
`;
