// Jest Snapshot v1, https://goo.gl/fbAQLP

exports[`Floors - render and match snapshot 1`] = `
<div
  className="sc-AxhCb gsBIpG"
>
  <div
    className="sc-AxjAm cEScls"
  />
  <div
    className="sc-AxjAm cEScls"
  />
  <div
    className="sc-AxjAm cEScls"
  />
  <div
    className="sc-AxjAm cEScls"
  />
  <div
    className="sc-AxjAm cEScls"
  />
  <div
    className="sc-AxjAm cEScls"
  />
  <div
    className="sc-AxjAm cEScls"
  />
  <div
    className="sc-AxjAm cEScls"
  />
  <div
    className="sc-AxjAm cEScls"
  />
  <div
    className="sc-AxjAm cEScls"
  />
</div>
`;
