// Jest Snapshot v1, https://goo.gl/fbAQLP

exports[`StickManForm - render and match snapshot 1`] = `
<div
  className="sc-AxjAm jBaJjh"
>
  <form
    className="sc-AxirZ lkjmCs"
  >
    <button
      className="sc-AxhCb fUpRBs"
      onClick={[Function]}
    >
      x
    </button>
    <h3>
      Create Stickman on floor 
    </h3>
    <fieldset>
      <label
        htmlFor="how-many"
      >
        How many:
      </label>
      <input
        id="how-many"
        max={5}
        min={1}
        onChange={[Function]}
        type="number"
        value={1}
      />
      <label
        htmlFor="destination"
      >
        Destiantion:
      </label>
      <input
        id="destination"
        max={10}
        min={0}
        onChange={[Function]}
        style={Object {}}
        type="number"
        value={0}
      />
    </fieldset>
    <button
      className="sc-AxiKw hcdXEi"
      disabled={false}
      onClick={[Function]}
    >
      Submit
    </button>
  </form>
</div>
`;
